Archive member included to satisfy reference by file (symbol)

c:/tools/embedded/gcc-arm-none-eabi-7-2017-q4-major-win32/bin/../lib/gcc/arm-none-eabi/7.2.1/thumb/v7e-m\libgcc.a(_aeabi_ldivmod.o)
                              C:\Users\RUVIMK~1\AppData\Local\Temp\ccm75HwL.ltrans0.ltrans.o (__aeabi_ldivmod)
c:/tools/embedded/gcc-arm-none-eabi-7-2017-q4-major-win32/bin/../lib/gcc/arm-none-eabi/7.2.1/thumb/v7e-m\libgcc.a(_aeabi_uldivmod.o)
                              C:\Users\RUVIMK~1\AppData\Local\Temp\ccm75HwL.ltrans0.ltrans.o (__aeabi_uldivmod)
c:/tools/embedded/gcc-arm-none-eabi-7-2017-q4-major-win32/bin/../lib/gcc/arm-none-eabi/7.2.1/thumb/v7e-m\libgcc.a(_udivmoddi4.o)
                              c:/tools/embedded/gcc-arm-none-eabi-7-2017-q4-major-win32/bin/../lib/gcc/arm-none-eabi/7.2.1/thumb/v7e-m\libgcc.a(_aeabi_ldivmod.o) (__udivmoddi4)
c:/tools/embedded/gcc-arm-none-eabi-7-2017-q4-major-win32/bin/../lib/gcc/arm-none-eabi/7.2.1/thumb/v7e-m\libgcc.a(_dvmd_tls.o)
                              c:/tools/embedded/gcc-arm-none-eabi-7-2017-q4-major-win32/bin/../lib/gcc/arm-none-eabi/7.2.1/thumb/v7e-m\libgcc.a(_aeabi_ldivmod.o) (__aeabi_ldiv0)
c:/tools/embedded/gcc-arm-none-eabi-7-2017-q4-major-win32/bin/../lib/gcc/arm-none-eabi/7.2.1/../../../../arm-none-eabi/lib/thumb/v7e-m\libg.a(lib_a-memcpy.o)
                              C:\Users\RUVIMK~1\AppData\Local\Temp\ccm75HwL.ltrans0.ltrans.o (memcpy)

Discarded input sections

 .data          0x00000000        0x0 build/obj/crt0_v7m.o
 .bss           0x00000000        0x0 build/obj/crt0_v7m.o
 .data          0x00000000        0x0 build/obj/vectors.o
 .bss           0x00000000        0x0 build/obj/vectors.o
 .data          0x00000000        0x0 build/obj/chcoreasm_v7m.o
 .bss           0x00000000        0x0 build/obj/chcoreasm_v7m.o
 .text          0x00000000        0x0 C:\Users\RUVIMK~1\AppData\Local\Temp\ccm75HwL.ltrans0.ltrans.o
 .data          0x00000000        0x0 C:\Users\RUVIMK~1\AppData\Local\Temp\ccm75HwL.ltrans0.ltrans.o
 .bss           0x00000000        0x0 C:\Users\RUVIMK~1\AppData\Local\Temp\ccm75HwL.ltrans0.ltrans.o
 .text          0x00000000       0xa0 c:/tools/embedded/gcc-arm-none-eabi-7-2017-q4-major-win32/bin/../lib/gcc/arm-none-eabi/7.2.1/thumb/v7e-m\libgcc.a(_aeabi_ldivmod.o)
 .data          0x00000000        0x0 c:/tools/embedded/gcc-arm-none-eabi-7-2017-q4-major-win32/bin/../lib/gcc/arm-none-eabi/7.2.1/thumb/v7e-m\libgcc.a(_aeabi_ldivmod.o)
 .bss           0x00000000        0x0 c:/tools/embedded/gcc-arm-none-eabi-7-2017-q4-major-win32/bin/../lib/gcc/arm-none-eabi/7.2.1/thumb/v7e-m\libgcc.a(_aeabi_ldivmod.o)
 .debug_frame   0x00000000       0x44 c:/tools/embedded/gcc-arm-none-eabi-7-2017-q4-major-win32/bin/../lib/gcc/arm-none-eabi/7.2.1/thumb/v7e-m\libgcc.a(_aeabi_ldivmod.o)
 .ARM.attributes
                0x00000000       0x1e c:/tools/embedded/gcc-arm-none-eabi-7-2017-q4-major-win32/bin/../lib/gcc/arm-none-eabi/7.2.1/thumb/v7e-m\libgcc.a(_aeabi_ldivmod.o)
 .data          0x00000000        0x0 c:/tools/embedded/gcc-arm-none-eabi-7-2017-q4-major-win32/bin/../lib/gcc/arm-none-eabi/7.2.1/thumb/v7e-m\libgcc.a(_aeabi_uldivmod.o)
 .bss           0x00000000        0x0 c:/tools/embedded/gcc-arm-none-eabi-7-2017-q4-major-win32/bin/../lib/gcc/arm-none-eabi/7.2.1/thumb/v7e-m\libgcc.a(_aeabi_uldivmod.o)
 .data          0x00000000        0x0 c:/tools/embedded/gcc-arm-none-eabi-7-2017-q4-major-win32/bin/../lib/gcc/arm-none-eabi/7.2.1/thumb/v7e-m\libgcc.a(_udivmoddi4.o)
 .bss           0x00000000        0x0 c:/tools/embedded/gcc-arm-none-eabi-7-2017-q4-major-win32/bin/../lib/gcc/arm-none-eabi/7.2.1/thumb/v7e-m\libgcc.a(_udivmoddi4.o)
 .ARM.extab     0x00000000        0x0 c:/tools/embedded/gcc-arm-none-eabi-7-2017-q4-major-win32/bin/../lib/gcc/arm-none-eabi/7.2.1/thumb/v7e-m\libgcc.a(_udivmoddi4.o)
 .data          0x00000000        0x0 c:/tools/embedded/gcc-arm-none-eabi-7-2017-q4-major-win32/bin/../lib/gcc/arm-none-eabi/7.2.1/thumb/v7e-m\libgcc.a(_dvmd_tls.o)
 .bss           0x00000000        0x0 c:/tools/embedded/gcc-arm-none-eabi-7-2017-q4-major-win32/bin/../lib/gcc/arm-none-eabi/7.2.1/thumb/v7e-m\libgcc.a(_dvmd_tls.o)
 .data          0x00000000        0x0 c:/tools/embedded/gcc-arm-none-eabi-7-2017-q4-major-win32/bin/../lib/gcc/arm-none-eabi/7.2.1/../../../../arm-none-eabi/lib/thumb/v7e-m\libg.a(lib_a-memcpy.o)
 .bss           0x00000000        0x0 c:/tools/embedded/gcc-arm-none-eabi-7-2017-q4-major-win32/bin/../lib/gcc/arm-none-eabi/7.2.1/../../../../arm-none-eabi/lib/thumb/v7e-m\libg.a(lib_a-memcpy.o)

Memory Configuration

Name             Origin             Length             Attributes
flash0           0x08000000         0x00080000
flash1           0x00000000         0x00000000
flash2           0x00000000         0x00000000
flash3           0x00000000         0x00000000
flash4           0x00000000         0x00000000
flash5           0x00000000         0x00000000
flash6           0x00000000         0x00000000
flash7           0x00000000         0x00000000
ram0             0x20000000         0x00018000
ram1             0x00000000         0x00000000
ram2             0x00000000         0x00000000
ram3             0x00000000         0x00000000
ram4             0x00000000         0x00000000
ram5             0x00000000         0x00000000
ram6             0x00000000         0x00000000
ram7             0x00000000         0x00000000
*default*        0x00000000         0xffffffff

Linker script and memory map

LOAD build/obj/crt0_v7m.o
LOAD build/obj/vectors.o
LOAD build/obj/chcoreasm_v7m.o
LOAD C:\Users\RUVIMK~1\AppData\Local\Temp\ccm75HwL.ltrans0.ltrans.o

.mstack         0x20000000      0x400
                0x20000000                . = ALIGN (0x8)
                0x20000000                __main_stack_base__ = .
                0x20000400                . = (. + __main_stack_size__)
 *fill*         0x20000000      0x400 
                0x20000400                . = ALIGN (0x8)
                0x20000400                __main_stack_end__ = .

.pstack         0x20000400      0x400
                0x20000400                __process_stack_base__ = .
                0x20000400                __main_thread_stack_base__ = .
                0x20000800                . = (. + __process_stack_size__)
 *fill*         0x20000400      0x400 
                0x20000800                . = ALIGN (0x8)
                0x20000800                __process_stack_end__ = .
                0x20000800                __main_thread_stack_end__ = .

.vectors        0x08000000      0x1e0
 *(.vectors)
 .vectors       0x08000000      0x1e0 build/obj/vectors.o
                0x08000000                _vectors

.xtors          0x080001e0        0x0
                0x080001e0                __init_array_start = .
 *(SORT_BY_NAME(.init_array.*))
 *(.init_array)
                0x080001e0                __init_array_end = .
                0x080001e0                __fini_array_start = .
 *(.fini_array)
 *(SORT_BY_NAME(.fini_array.*))
                0x080001e0                __fini_array_end = .

.text           0x080001e0     0x28a4
 *(.text)
 .text          0x080001e0       0xd8 build/obj/crt0_v7m.o
                0x080001e0                _crt0_entry
 .text          0x080002b8        0x8 build/obj/vectors.o
                0x080002b8                Reset_Handler
                0x080002ba                VectorE8
                0x080002ba                Vector9C
                0x080002ba                VectorAC
                0x080002ba                DebugMon_Handler
                0x080002ba                Vector1A0
                0x080002ba                Vector5C
                0x080002ba                Vector11C
                0x080002ba                HardFault_Handler
                0x080002ba                Vector1B8
                0x080002ba                Vector19C
                0x080002ba                Vector8C
                0x080002ba                SysTick_Handler
                0x080002ba                VectorDC
                0x080002ba                PendSV_Handler
                0x080002ba                Vector168
                0x080002ba                NMI_Handler
                0x080002ba                Vector110
                0x080002ba                Vector1D8
                0x080002ba                VectorC8
                0x080002ba                Vector94
                0x080002ba                VectorA8
                0x080002ba                Vector160
                0x080002ba                Vector1B0
                0x080002ba                UsageFault_Handler
                0x080002ba                VectorEC
                0x080002ba                Vector40
                0x080002ba                VectorF8
                0x080002ba                VectorBC
                0x080002ba                Vector190
                0x080002ba                Vector1C4
                0x080002ba                Vector1CC
                0x080002ba                Vector148
                0x080002ba                Vector188
                0x080002ba                Vector198
                0x080002ba                Vector118
                0x080002ba                Vector64
                0x080002ba                Vector58
                0x080002ba                VectorCC
                0x080002ba                Vector54
                0x080002ba                Vector98
                0x080002ba                Vector138
                0x080002ba                Vector24
                0x080002ba                Vector1AC
                0x080002ba                Vector178
                0x080002ba                Vector1A4
                0x080002ba                VectorD0
                0x080002ba                Vector1B4
                0x080002ba                Vector140
                0x080002ba                VectorE4
                0x080002ba                VectorC0
                0x080002ba                Vector1C0
                0x080002ba                Vector134
                0x080002ba                Vector1D0
                0x080002ba                VectorF0
                0x080002ba                Vector13C
                0x080002ba                Vector100
                0x080002ba                VectorE0
                0x080002ba                VectorF4
                0x080002ba                MemManage_Handler
                0x080002ba                VectorA0
                0x080002ba                VectorC4
                0x080002ba                Vector180
                0x080002ba                Vector90
                0x080002ba                Vector114
                0x080002ba                Vector164
                0x080002ba                Vector60
                0x080002ba                Vector1C
                0x080002ba                Vector1BC
                0x080002ba                Vector1D4
                0x080002ba                Vector17C
                0x080002ba                Vector48
                0x080002ba                Vector1A8
                0x080002ba                Vector16C
                0x080002ba                VectorD4
                0x080002ba                Vector4C
                0x080002ba                Vector144
                0x080002ba                Vector15C
                0x080002ba                Vector68
                0x080002ba                Vector18C
                0x080002ba                Vector170
                0x080002ba                Vector104
                0x080002ba                Vector184
                0x080002ba                Vector10C
                0x080002ba                Vector14C
                0x080002ba                BusFault_Handler
                0x080002ba                Vector50
                0x080002ba                Vector1C8
                0x080002ba                Vector194
                0x080002ba                Vector1DC
                0x080002ba                Vector44
                0x080002ba                Vector28
                0x080002ba                VectorB8
                0x080002ba                Vector34
                0x080002ba                VectorA4
                0x080002ba                Vector20
                0x080002ba                Vector174
                0x080002be                _unhandled_exception
 .text          0x080002c0       0x28 build/obj/chcoreasm_v7m.o
                0x080002c0                _port_switch
                0x080002d0                _port_thread_start
                0x080002e0                _port_switch_from_isr
                0x080002e4                _port_exit_from_isr
 .text          0x080002e8       0x30 c:/tools/embedded/gcc-arm-none-eabi-7-2017-q4-major-win32/bin/../lib/gcc/arm-none-eabi/7.2.1/thumb/v7e-m\libgcc.a(_aeabi_uldivmod.o)
                0x080002e8                __aeabi_uldivmod
 .text          0x08000318      0x2cc c:/tools/embedded/gcc-arm-none-eabi-7-2017-q4-major-win32/bin/../lib/gcc/arm-none-eabi/7.2.1/thumb/v7e-m\libgcc.a(_udivmoddi4.o)
                0x08000318                __udivmoddi4
 .text          0x080005e4        0x4 c:/tools/embedded/gcc-arm-none-eabi-7-2017-q4-major-win32/bin/../lib/gcc/arm-none-eabi/7.2.1/thumb/v7e-m\libgcc.a(_dvmd_tls.o)
                0x080005e4                __aeabi_idiv0
                0x080005e4                __aeabi_ldiv0
 .text          0x080005e8      0x134 c:/tools/embedded/gcc-arm-none-eabi-7-2017-q4-major-win32/bin/../lib/gcc/arm-none-eabi/7.2.1/../../../../arm-none-eabi/lib/thumb/v7e-m\libg.a(lib_a-memcpy.o)
                0x080005e8                memcpy
 *(.text.*)
 *fill*         0x0800071c        0x4 
 .text.adc_lld_start_conversion.constprop.25
                0x08000720       0x90 C:\Users\RUVIMK~1\AppData\Local\Temp\ccm75HwL.ltrans0.ltrans.o
 .text.chTMStartMeasurementX.constprop.11
                0x080007b0        0xc C:\Users\RUVIMK~1\AppData\Local\Temp\ccm75HwL.ltrans0.ltrans.o
 *fill*         0x080007bc        0x4 
 .text.chCoreAllocAlignedWithOffset
                0x080007c0       0x44 C:\Users\RUVIMK~1\AppData\Local\Temp\ccm75HwL.ltrans0.ltrans.o
 *fill*         0x08000804        0xc 
 .text.notify2  0x08000810       0x10 C:\Users\RUVIMK~1\AppData\Local\Temp\ccm75HwL.ltrans0.ltrans.o
 .text._port_irq_epilogue
                0x08000820       0x54 C:\Users\RUVIMK~1\AppData\Local\Temp\ccm75HwL.ltrans0.ltrans.o
 *fill*         0x08000874        0xc 
 .text.chCoreAllocAlignedI
                0x08000880       0x34 C:\Users\RUVIMK~1\AppData\Local\Temp\ccm75HwL.ltrans0.ltrans.o
 *fill*         0x080008b4        0xc 
 .text.chTMStopMeasurementX
                0x080008c0       0x44 C:\Users\RUVIMK~1\AppData\Local\Temp\ccm75HwL.ltrans0.ltrans.o
 *fill*         0x08000904        0xc 
 .text.wakeup   0x08000910       0x70 C:\Users\RUVIMK~1\AppData\Local\Temp\ccm75HwL.ltrans0.ltrans.o
 .text.chSchReadyI
                0x08000980       0x28 C:\Users\RUVIMK~1\AppData\Local\Temp\ccm75HwL.ltrans0.ltrans.o
 *fill*         0x080009a8        0x8 
 .text.chEvtBroadcastFlagsI.constprop.20
                0x080009b0       0x60 C:\Users\RUVIMK~1\AppData\Local\Temp\ccm75HwL.ltrans0.ltrans.o
 .text._idle_thread
                0x08000a10        0x4 C:\Users\RUVIMK~1\AppData\Local\Temp\ccm75HwL.ltrans0.ltrans.o
 *fill*         0x08000a14        0xc 
 .text.pwm_lld_serve_interrupt
                0x08000a20       0x5c C:\Users\RUVIMK~1\AppData\Local\Temp\ccm75HwL.ltrans0.ltrans.o
 *fill*         0x08000a7c        0x4 
 .text.pwm_lld_start
                0x08000a80      0x140 C:\Users\RUVIMK~1\AppData\Local\Temp\ccm75HwL.ltrans0.ltrans.o
 .text._pal_lld_setgroupmode
                0x08000bc0       0xb0 C:\Users\RUVIMK~1\AppData\Local\Temp\ccm75HwL.ltrans0.ltrans.o
 .text.adc_lld_stop_conversion
                0x08000c70       0x34 C:\Users\RUVIMK~1\AppData\Local\Temp\ccm75HwL.ltrans0.ltrans.o
 *fill*         0x08000ca4        0xc 
 .text.adc_lld_serve_rx_interrupt
                0x08000cb0       0xe4 C:\Users\RUVIMK~1\AppData\Local\Temp\ccm75HwL.ltrans0.ltrans.o
 *fill*         0x08000d94        0xc 
 .text._ctl     0x08000da0        0x4 C:\Users\RUVIMK~1\AppData\Local\Temp\ccm75HwL.ltrans0.ltrans.o
 *fill*         0x08000da4        0xc 
 .text.pwmEnableChannel
                0x08000db0       0x28 C:\Users\RUVIMK~1\AppData\Local\Temp\ccm75HwL.ltrans0.ltrans.o
 *fill*         0x08000dd8        0x8 
 .text.chSchWakeupS.constprop.16
                0x08000de0       0x5c C:\Users\RUVIMK~1\AppData\Local\Temp\ccm75HwL.ltrans0.ltrans.o
 *fill*         0x08000e3c        0x4 
 .text.chThdCreateStatic.constprop.10
                0x08000e40       0x88 C:\Users\RUVIMK~1\AppData\Local\Temp\ccm75HwL.ltrans0.ltrans.o
 *fill*         0x08000ec8        0x8 
 .text.chSchGoSleepS
                0x08000ed0       0x28 C:\Users\RUVIMK~1\AppData\Local\Temp\ccm75HwL.ltrans0.ltrans.o
 *fill*         0x08000ef8        0x8 
 .text.chSemWait.constprop.6
                0x08000f00       0x48 C:\Users\RUVIMK~1\AppData\Local\Temp\ccm75HwL.ltrans0.ltrans.o
 *fill*         0x08000f48        0x8 
 .text.chMtxLockS.constprop.4
                0x08000f50       0xe0 C:\Users\RUVIMK~1\AppData\Local\Temp\ccm75HwL.ltrans0.ltrans.o
 .text.chSchGoSleepTimeoutS
                0x08001030      0x118 C:\Users\RUVIMK~1\AppData\Local\Temp\ccm75HwL.ltrans0.ltrans.o
 *fill*         0x08001148        0x8 
 .text.chThdEnqueueTimeoutS
                0x08001150       0x28 C:\Users\RUVIMK~1\AppData\Local\Temp\ccm75HwL.ltrans0.ltrans.o
 *fill*         0x08001178        0x8 
 .text.oqPutTimeout
                0x08001180       0x50 C:\Users\RUVIMK~1\AppData\Local\Temp\ccm75HwL.ltrans0.ltrans.o
 .text._putt    0x080011d0        0x8 C:\Users\RUVIMK~1\AppData\Local\Temp\ccm75HwL.ltrans0.ltrans.o
 *fill*         0x080011d8        0x8 
 .text._put     0x080011e0        0xc C:\Users\RUVIMK~1\AppData\Local\Temp\ccm75HwL.ltrans0.ltrans.o
 *fill*         0x080011ec        0x4 
 .text.iqGetTimeout
                0x080011f0       0x54 C:\Users\RUVIMK~1\AppData\Local\Temp\ccm75HwL.ltrans0.ltrans.o
 *fill*         0x08001244        0xc 
 .text._gett    0x08001250        0x8 C:\Users\RUVIMK~1\AppData\Local\Temp\ccm75HwL.ltrans0.ltrans.o
 *fill*         0x08001258        0x8 
 .text._get     0x08001260        0xc C:\Users\RUVIMK~1\AppData\Local\Temp\ccm75HwL.ltrans0.ltrans.o
 *fill*         0x0800126c        0x4 
 .text.chThdSleep
                0x08001270       0x18 C:\Users\RUVIMK~1\AppData\Local\Temp\ccm75HwL.ltrans0.ltrans.o
 *fill*         0x08001288        0x8 
 .text.Thread1  0x08001290       0x30 C:\Users\RUVIMK~1\AppData\Local\Temp\ccm75HwL.ltrans0.ltrans.o
 .text.Thread2  0x080012c0       0x4c C:\Users\RUVIMK~1\AppData\Local\Temp\ccm75HwL.ltrans0.ltrans.o
 *fill*         0x0800130c        0x4 
 .text.oqWriteTimeout
                0x08001310       0xbc C:\Users\RUVIMK~1\AppData\Local\Temp\ccm75HwL.ltrans0.ltrans.o
 *fill*         0x080013cc        0x4 
 .text.sendSyncSignal
                0x080013d0       0x2c C:\Users\RUVIMK~1\AppData\Local\Temp\ccm75HwL.ltrans0.ltrans.o
 *fill*         0x080013fc        0x4 
 .text._writet  0x08001400        0x8 C:\Users\RUVIMK~1\AppData\Local\Temp\ccm75HwL.ltrans0.ltrans.o
 *fill*         0x08001408        0x8 
 .text._write   0x08001410        0xc C:\Users\RUVIMK~1\AppData\Local\Temp\ccm75HwL.ltrans0.ltrans.o
 *fill*         0x0800141c        0x4 
 .text.iqReadTimeout
                0x08001420       0xbc C:\Users\RUVIMK~1\AppData\Local\Temp\ccm75HwL.ltrans0.ltrans.o
 *fill*         0x080014dc        0x4 
 .text._readt   0x080014e0        0x8 C:\Users\RUVIMK~1\AppData\Local\Temp\ccm75HwL.ltrans0.ltrans.o
 *fill*         0x080014e8        0x8 
 .text._read    0x080014f0        0xc C:\Users\RUVIMK~1\AppData\Local\Temp\ccm75HwL.ltrans0.ltrans.o
 *fill*         0x080014fc        0x4 
 .text.SVC_Handler
                0x08001500       0x14 C:\Users\RUVIMK~1\AppData\Local\Temp\ccm75HwL.ltrans0.ltrans.o
                0x08001500                SVC_Handler
 *fill*         0x08001514        0xc 
 .text.chThdExit
                0x08001520       0x50 C:\Users\RUVIMK~1\AppData\Local\Temp\ccm75HwL.ltrans0.ltrans.o
                0x08001520                chThdExit
 .text.chSchDoRescheduleAhead
                0x08001570       0x40 C:\Users\RUVIMK~1\AppData\Local\Temp\ccm75HwL.ltrans0.ltrans.o
                0x08001570                chSchDoReschedule
 .text.chSchRescheduleS
                0x080015b0       0x18 C:\Users\RUVIMK~1\AppData\Local\Temp\ccm75HwL.ltrans0.ltrans.o
 *fill*         0x080015c8        0x8 
 .text.chMtxUnlock.constprop.2
                0x080015d0       0x68 C:\Users\RUVIMK~1\AppData\Local\Temp\ccm75HwL.ltrans0.ltrans.o
 *fill*         0x08001638        0x8 
 .text.Thread3  0x08001640      0x1cc C:\Users\RUVIMK~1\AppData\Local\Temp\ccm75HwL.ltrans0.ltrans.o
 *fill*         0x0800180c        0x4 
 .text.readVoltageStats
                0x08001810       0x38 C:\Users\RUVIMK~1\AppData\Local\Temp\ccm75HwL.ltrans0.ltrans.o
 *fill*         0x08001848        0x8 
 .text.waitForStableVoltage
                0x08001850       0x84 C:\Users\RUVIMK~1\AppData\Local\Temp\ccm75HwL.ltrans0.ltrans.o
 *fill*         0x080018d4        0xc 
 .text.sendSerialData
                0x080018e0       0x5c C:\Users\RUVIMK~1\AppData\Local\Temp\ccm75HwL.ltrans0.ltrans.o
 *fill*         0x0800193c        0x4 
 .text.Thread4  0x08001940       0xfc C:\Users\RUVIMK~1\AppData\Local\Temp\ccm75HwL.ltrans0.ltrans.o
 *fill*         0x08001a3c        0x4 
 .text.startup.main
                0x08001a40      0x7d0 C:\Users\RUVIMK~1\AppData\Local\Temp\ccm75HwL.ltrans0.ltrans.o
                0x08001a40                main
 .text.__early_init
                0x08002210      0x1c0 C:\Users\RUVIMK~1\AppData\Local\Temp\ccm75HwL.ltrans0.ltrans.o
                0x08002210                __early_init
 .text.VectorD8
                0x080023d0      0x1b8 C:\Users\RUVIMK~1\AppData\Local\Temp\ccm75HwL.ltrans0.ltrans.o
                0x080023d0                VectorD8
 *fill*         0x08002588        0x8 
 .text.Vector108
                0x08002590       0x14 C:\Users\RUVIMK~1\AppData\Local\Temp\ccm75HwL.ltrans0.ltrans.o
                0x08002590                Vector108
 *fill*         0x080025a4        0xc 
 .text.VectorB4
                0x080025b0       0x14 C:\Users\RUVIMK~1\AppData\Local\Temp\ccm75HwL.ltrans0.ltrans.o
                0x080025b0                VectorB4
 *fill*         0x080025c4        0xc 
 .text.VectorB0
                0x080025d0       0x9c C:\Users\RUVIMK~1\AppData\Local\Temp\ccm75HwL.ltrans0.ltrans.o
                0x080025d0                VectorB0
 *fill*         0x0800266c        0x4 
 .text.Vector158
                0x08002670       0x2c C:\Users\RUVIMK~1\AppData\Local\Temp\ccm75HwL.ltrans0.ltrans.o
                0x08002670                Vector158
 *fill*         0x0800269c        0x4 
 .text.Vector154
                0x080026a0       0x2c C:\Users\RUVIMK~1\AppData\Local\Temp\ccm75HwL.ltrans0.ltrans.o
                0x080026a0                Vector154
 *fill*         0x080026cc        0x4 
 .text.Vector150
                0x080026d0       0x2c C:\Users\RUVIMK~1\AppData\Local\Temp\ccm75HwL.ltrans0.ltrans.o
                0x080026d0                Vector150
 *fill*         0x080026fc        0x4 
 .text.Vector130
                0x08002700       0x28 C:\Users\RUVIMK~1\AppData\Local\Temp\ccm75HwL.ltrans0.ltrans.o
                0x08002700                Vector130
 *fill*         0x08002728        0x8 
 .text.Vector12C
                0x08002730       0x2c C:\Users\RUVIMK~1\AppData\Local\Temp\ccm75HwL.ltrans0.ltrans.o
                0x08002730                Vector12C
 *fill*         0x0800275c        0x4 
 .text.Vector128
                0x08002760       0x2c C:\Users\RUVIMK~1\AppData\Local\Temp\ccm75HwL.ltrans0.ltrans.o
                0x08002760                Vector128
 *fill*         0x0800278c        0x4 
 .text.Vector124
                0x08002790       0x2c C:\Users\RUVIMK~1\AppData\Local\Temp\ccm75HwL.ltrans0.ltrans.o
                0x08002790                Vector124
 *fill*         0x080027bc        0x4 
 .text.Vector120
                0x080027c0       0x28 C:\Users\RUVIMK~1\AppData\Local\Temp\ccm75HwL.ltrans0.ltrans.o
                0x080027c0                Vector120
 *fill*         0x080027e8        0x8 
 .text.VectorFC
                0x080027f0       0x2c C:\Users\RUVIMK~1\AppData\Local\Temp\ccm75HwL.ltrans0.ltrans.o
                0x080027f0                VectorFC
 *fill*         0x0800281c        0x4 
 .text.Vector84
                0x08002820       0x2c C:\Users\RUVIMK~1\AppData\Local\Temp\ccm75HwL.ltrans0.ltrans.o
                0x08002820                Vector84
 *fill*         0x0800284c        0x4 
 .text.Vector80
                0x08002850       0x2c C:\Users\RUVIMK~1\AppData\Local\Temp\ccm75HwL.ltrans0.ltrans.o
                0x08002850                Vector80
 *fill*         0x0800287c        0x4 
 .text.Vector7C
                0x08002880       0x28 C:\Users\RUVIMK~1\AppData\Local\Temp\ccm75HwL.ltrans0.ltrans.o
                0x08002880                Vector7C
 *fill*         0x080028a8        0x8 
 .text.Vector78
                0x080028b0       0x2c C:\Users\RUVIMK~1\AppData\Local\Temp\ccm75HwL.ltrans0.ltrans.o
                0x080028b0                Vector78
 *fill*         0x080028dc        0x4 
 .text.Vector74
                0x080028e0       0x2c C:\Users\RUVIMK~1\AppData\Local\Temp\ccm75HwL.ltrans0.ltrans.o
                0x080028e0                Vector74
 *fill*         0x0800290c        0x4 
 .text.Vector70
                0x08002910       0x2c C:\Users\RUVIMK~1\AppData\Local\Temp\ccm75HwL.ltrans0.ltrans.o
                0x08002910                Vector70
 *fill*         0x0800293c        0x4 
 .text.Vector6C
                0x08002940       0x28 C:\Users\RUVIMK~1\AppData\Local\Temp\ccm75HwL.ltrans0.ltrans.o
                0x08002940                Vector6C
 *fill*         0x08002968        0x8 
 .text.Vector88
                0x08002970       0x7c C:\Users\RUVIMK~1\AppData\Local\Temp\ccm75HwL.ltrans0.ltrans.o
                0x08002970                Vector88
 *fill*         0x080029ec        0x4 
 .text.__init_ram_areas
                0x080029f0       0x68 C:\Users\RUVIMK~1\AppData\Local\Temp\ccm75HwL.ltrans0.ltrans.o
                0x080029f0                __init_ram_areas
 *fill*         0x08002a58        0x8 
 .text.__default_exit
                0x08002a60        0x4 C:\Users\RUVIMK~1\AppData\Local\Temp\ccm75HwL.ltrans0.ltrans.o
                0x08002a60                __default_exit
 *fill*         0x08002a64        0xc 
 .text.__late_init
                0x08002a70        0x4 C:\Users\RUVIMK~1\AppData\Local\Temp\ccm75HwL.ltrans0.ltrans.o
                0x08002a70                __late_init
 *fill*         0x08002a74        0xc 
 .text.__core_init
                0x08002a80        0x4 C:\Users\RUVIMK~1\AppData\Local\Temp\ccm75HwL.ltrans0.ltrans.o
                0x08002a80                __core_init
 *(.glue_7t)
 .glue_7t       0x08002a84        0x0 linker stubs
 *(.glue_7)
 .glue_7        0x08002a84        0x0 linker stubs
 *(.gcc*)

.vfp11_veneer   0x08002a84        0x0
 .vfp11_veneer  0x08002a84        0x0 linker stubs

.v4_bx          0x08002a84        0x0
 .v4_bx         0x08002a84        0x0 linker stubs

.iplt           0x08002a84        0x0
 .iplt          0x08002a84        0x0 build/obj/crt0_v7m.o

.rodata         0x08002a84      0x1ec
                0x08002a84                . = ALIGN (0x4)
                0x08002a84                __rodata_base__ = .
 *(.rodata)
 *(.rodata.*)
 .rodata.Thread1.str1.4
                0x08002a84        0x8 C:\Users\RUVIMK~1\AppData\Local\Temp\ccm75HwL.ltrans0.ltrans.o
 .rodata.Thread2.str1.4
                0x08002a8c        0xc C:\Users\RUVIMK~1\AppData\Local\Temp\ccm75HwL.ltrans0.ltrans.o
 .rodata.Thread3.str1.4
                0x08002a98        0xd C:\Users\RUVIMK~1\AppData\Local\Temp\ccm75HwL.ltrans0.ltrans.o
 *fill*         0x08002aa5        0x3 
 .rodata.Thread4.str1.4
                0x08002aa8        0xf C:\Users\RUVIMK~1\AppData\Local\Temp\ccm75HwL.ltrans0.ltrans.o
 *fill*         0x08002ab7        0x1 
 .rodata._stm32_dma_streams
                0x08002ab8       0xc0 C:\Users\RUVIMK~1\AppData\Local\Temp\ccm75HwL.ltrans0.ltrans.o
 .rodata.adcgrpcfg1
                0x08002b78       0x28 C:\Users\RUVIMK~1\AppData\Local\Temp\ccm75HwL.ltrans0.ltrans.o
 .rodata.chThdCreateStatic.constprop.10.str1.4
                0x08002ba0        0x7 C:\Users\RUVIMK~1\AppData\Local\Temp\ccm75HwL.ltrans0.ltrans.o
 *fill*         0x08002ba7        0x1 
 .rodata.ch_debug
                0x08002ba8       0x16 C:\Users\RUVIMK~1\AppData\Local\Temp\ccm75HwL.ltrans0.ltrans.o
 *fill*         0x08002bbe        0x2 
 .rodata.main.str1.4
                0x08002bc0        0x8 C:\Users\RUVIMK~1\AppData\Local\Temp\ccm75HwL.ltrans0.ltrans.o
                                  0x5 (size before relaxing)
 .rodata.ram_areas
                0x08002bc8       0x80 C:\Users\RUVIMK~1\AppData\Local\Temp\ccm75HwL.ltrans0.ltrans.o
 .rodata.vmt    0x08002c48       0x28 C:\Users\RUVIMK~1\AppData\Local\Temp\ccm75HwL.ltrans0.ltrans.o
                0x08002c70                . = ALIGN (0x4)
                0x08002c70                __rodata_end__ = .

.ARM.extab
 *(.ARM.extab* .gnu.linkonce.armextab.*)

.ARM.exidx      0x08002c70        0x8
                0x08002c70                __exidx_start = .
 *(.ARM.exidx* .gnu.linkonce.armexidx.*)
 .ARM.exidx     0x08002c70        0x8 c:/tools/embedded/gcc-arm-none-eabi-7-2017-q4-major-win32/bin/../lib/gcc/arm-none-eabi/7.2.1/thumb/v7e-m\libgcc.a(_udivmoddi4.o)
                0x08002c78                __exidx_end = .

.rel.dyn        0x08002c78        0x0
 .rel.iplt      0x08002c78        0x0 build/obj/crt0_v7m.o

.eh_frame_hdr
 *(.eh_frame_hdr)

.eh_frame
 *(.eh_frame)
                0x20000000                __ram0_start__ = ORIGIN (ram0)
                0x00018000                __ram0_size__ = LENGTH (ram0)
                0x20018000                __ram0_end__ = (__ram0_start__ + __ram0_size__)
                0x00000000                __ram1_start__ = ORIGIN (ram1)
                0x00000000                __ram1_size__ = LENGTH (ram1)
                0x00000000                __ram1_end__ = (__ram1_start__ + __ram1_size__)
                0x00000000                __ram2_start__ = ORIGIN (ram2)
                0x00000000                __ram2_size__ = LENGTH (ram2)
                0x00000000                __ram2_end__ = (__ram2_start__ + __ram2_size__)
                0x00000000                __ram3_start__ = ORIGIN (ram3)
                0x00000000                __ram3_size__ = LENGTH (ram3)
                0x00000000                __ram3_end__ = (__ram3_start__ + __ram3_size__)
                0x00000000                __ram4_start__ = ORIGIN (ram4)
                0x00000000                __ram4_size__ = LENGTH (ram4)
                0x00000000                __ram4_end__ = (__ram4_start__ + __ram4_size__)
                0x00000000                __ram5_start__ = ORIGIN (ram5)
                0x00000000                __ram5_size__ = LENGTH (ram5)
                0x00000000                __ram5_end__ = (__ram5_start__ + __ram5_size__)
                0x00000000                __ram6_start__ = ORIGIN (ram6)
                0x00000000                __ram6_size__ = LENGTH (ram6)
                0x00000000                __ram6_end__ = (__ram6_start__ + __ram6_size__)
                0x00000000                __ram7_start__ = ORIGIN (ram7)
                0x00000000                __ram7_size__ = LENGTH (ram7)
                0x00000000                __ram7_end__ = (__ram7_start__ + __ram7_size__)

.data           0x20000800       0x78 load address 0x08002c78
                0x20000800                . = ALIGN (0x4)
                [!provide]                PROVIDE (_textdata, LOADADDR (.data))
                [!provide]                PROVIDE (_data, .)
                0x08002c78                _textdata_start = LOADADDR (.data)
                0x20000800                _data_start = .
 *(.data)
 *(.data.*)
 .data.last_update_count.8567
                0x20000800        0x1 C:\Users\RUVIMK~1\AppData\Local\Temp\ccm75HwL.ltrans0.ltrans.o
 *fill*         0x20000801        0x3 
 .data.pwmcfg   0x20000804       0x34 C:\Users\RUVIMK~1\AppData\Local\Temp\ccm75HwL.ltrans0.ltrans.o
 .data.pwmslowcfg
                0x20000838       0x34 C:\Users\RUVIMK~1\AppData\Local\Temp\ccm75HwL.ltrans0.ltrans.o
 .data.sd2cfg   0x2000086c        0xc C:\Users\RUVIMK~1\AppData\Local\Temp\ccm75HwL.ltrans0.ltrans.o
 *(.ramtext)
                0x20000878                . = ALIGN (0x4)
                [!provide]                PROVIDE (_edata, .)
                0x20000878                _data_end = .

.igot.plt       0x20000878        0x0 load address 0x08002cf0
 .igot.plt      0x20000878        0x0 build/obj/crt0_v7m.o

.bss            0x20000878     0x4880 load address 0x08002cf0
                0x20000878                . = ALIGN (0x4)
                0x20000878                _bss_start = .
 *(.bss)
 *(.bss.*)
 .bss.ADCD1     0x20000878       0x34 C:\Users\RUVIMK~1\AppData\Local\Temp\ccm75HwL.ltrans0.ltrans.o
 .bss.PWMD3     0x200008ac       0x1c C:\Users\RUVIMK~1\AppData\Local\Temp\ccm75HwL.ltrans0.ltrans.o
 .bss.PWMD5     0x200008c8       0x1c C:\Users\RUVIMK~1\AppData\Local\Temp\ccm75HwL.ltrans0.ltrans.o
 .bss.SD2       0x200008e4       0x7c C:\Users\RUVIMK~1\AppData\Local\Temp\ccm75HwL.ltrans0.ltrans.o
 .bss.ch        0x20000960       0x78 C:\Users\RUVIMK~1\AppData\Local\Temp\ccm75HwL.ltrans0.ltrans.o
 .bss.ch_factory
                0x200009d8       0x44 C:\Users\RUVIMK~1\AppData\Local\Temp\ccm75HwL.ltrans0.ltrans.o
 *fill*         0x20000a1c        0x4 
 .bss.ch_idle_thread_wa
                0x20000a20       0xd8 C:\Users\RUVIMK~1\AppData\Local\Temp\ccm75HwL.ltrans0.ltrans.o
 .bss.ch_memcore
                0x20000af8        0x8 C:\Users\RUVIMK~1\AppData\Local\Temp\ccm75HwL.ltrans0.ltrans.o
 .bss.default_heap
                0x20000b00       0x1c C:\Users\RUVIMK~1\AppData\Local\Temp\ccm75HwL.ltrans0.ltrans.o
 .bss.dma_isr_redir
                0x20000b1c       0x80 C:\Users\RUVIMK~1\AppData\Local\Temp\ccm75HwL.ltrans0.ltrans.o
 .bss.dma_streams_mask
                0x20000b9c        0x4 C:\Users\RUVIMK~1\AppData\Local\Temp\ccm75HwL.ltrans0.ltrans.o
 .bss.experiment_sem
                0x20000ba0        0xc C:\Users\RUVIMK~1\AppData\Local\Temp\ccm75HwL.ltrans0.ltrans.o
 .bss.now       0x20000bac        0x4 C:\Users\RUVIMK~1\AppData\Local\Temp\ccm75HwL.ltrans0.ltrans.o
 .bss.samples1  0x20000bb0        0x4 C:\Users\RUVIMK~1\AppData\Local\Temp\ccm75HwL.ltrans0.ltrans.o
 .bss.v_a.8546  0x20000bb4     0x2000 C:\Users\RUVIMK~1\AppData\Local\Temp\ccm75HwL.ltrans0.ltrans.o
 .bss.v_b.8547  0x20002bb4     0x2000 C:\Users\RUVIMK~1\AppData\Local\Temp\ccm75HwL.ltrans0.ltrans.o
 .bss.vstat_mtx
                0x20004bb4       0x10 C:\Users\RUVIMK~1\AppData\Local\Temp\ccm75HwL.ltrans0.ltrans.o
 .bss.vstat_obj
                0x20004bc4       0x10 C:\Users\RUVIMK~1\AppData\Local\Temp\ccm75HwL.ltrans0.ltrans.o
 .bss.vstat_update_count
                0x20004bd4        0x1 C:\Users\RUVIMK~1\AppData\Local\Temp\ccm75HwL.ltrans0.ltrans.o
 *fill*         0x20004bd5        0x3 
 .bss.waThread1
                0x20004bd8      0x148 C:\Users\RUVIMK~1\AppData\Local\Temp\ccm75HwL.ltrans0.ltrans.o
 .bss.waThread2
                0x20004d20      0x148 C:\Users\RUVIMK~1\AppData\Local\Temp\ccm75HwL.ltrans0.ltrans.o
 .bss.waThread3
                0x20004e68      0x148 C:\Users\RUVIMK~1\AppData\Local\Temp\ccm75HwL.ltrans0.ltrans.o
 .bss.waThread4
                0x20004fb0      0x148 C:\Users\RUVIMK~1\AppData\Local\Temp\ccm75HwL.ltrans0.ltrans.o
 *(COMMON)
                0x200050f8                . = ALIGN (0x4)
                0x200050f8                _bss_end = .
                [!provide]                PROVIDE (end, .)

.ram0_init      0x200050f8        0x0 load address 0x08002cf0
                0x200050f8                . = ALIGN (0x4)
                0x08002cf0                __ram0_init_text__ = LOADADDR (.ram0_init)
                0x200050f8                __ram0_init__ = .
 *(.ram0_init)
 *(.ram0_init.*)
                0x200050f8                . = ALIGN (0x4)

.ram0           0x200050f8        0x0 load address 0x08002cf0
                0x200050f8                . = ALIGN (0x4)
                0x200050f8                __ram0_clear__ = .
 *(.ram0_clear)
 *(.ram0_clear.*)
                0x200050f8                . = ALIGN (0x4)
                0x200050f8                __ram0_noinit__ = .
 *(.ram0)
 *(.ram0.*)
                0x200050f8                . = ALIGN (0x4)
                0x200050f8                __ram0_free__ = .

.ram1_init      0x00000000        0x0 load address 0x08002cf0
                0x00000000                . = ALIGN (0x4)
                0x08002cf0                __ram1_init_text__ = LOADADDR (.ram1_init)
                0x00000000                __ram1_init__ = .
 *(.ram1_init)
 *(.ram1_init.*)
                0x00000000                . = ALIGN (0x4)

.ram1           0x00000000        0x0 load address 0x08002cf0
                0x00000000                . = ALIGN (0x4)
                0x00000000                __ram1_clear__ = .
 *(.ram1_clear)
 *(.ram1_clear.*)
                0x00000000                . = ALIGN (0x4)
                0x00000000                __ram1_noinit__ = .
 *(.ram1)
 *(.ram1.*)
                0x00000000                . = ALIGN (0x4)
                0x00000000                __ram1_free__ = .

.ram2_init      0x00000000        0x0 load address 0x08002cf0
                0x00000000                . = ALIGN (0x4)
                0x08002cf0                __ram2_init_text__ = LOADADDR (.ram2_init)
                0x00000000                __ram2_init__ = .
 *(.ram2_init)
 *(.ram2_init.*)
                0x00000000                . = ALIGN (0x4)

.ram2           0x00000000        0x0 load address 0x08002cf0
                0x00000000                . = ALIGN (0x4)
                0x00000000                __ram2_clear__ = .
 *(.ram2_clear)
 *(.ram2_clear.*)
                0x00000000                . = ALIGN (0x4)
                0x00000000                __ram2_noinit__ = .
 *(.ram2)
 *(.ram2.*)
                0x00000000                . = ALIGN (0x4)
                0x00000000                __ram2_free__ = .

.ram3_init      0x00000000        0x0 load address 0x08002cf0
                0x00000000                . = ALIGN (0x4)
                0x08002cf0                __ram3_init_text__ = LOADADDR (.ram3_init)
                0x00000000                __ram3_init__ = .
 *(.ram3_init)
 *(.ram3_init.*)
                0x00000000                . = ALIGN (0x4)

.ram3           0x00000000        0x0 load address 0x08002cf0
                0x00000000                . = ALIGN (0x4)
                0x00000000                __ram3_clear__ = .
 *(.ram3_clear)
 *(.ram3_clear.*)
                0x00000000                . = ALIGN (0x4)
                0x00000000                __ram3_noinit__ = .
 *(.ram3)
 *(.ram3.*)
                0x00000000                . = ALIGN (0x4)
                0x00000000                __ram3_free__ = .

.ram4_init      0x00000000        0x0 load address 0x08002cf0
                0x00000000                . = ALIGN (0x4)
                0x08002cf0                __ram4_init_text__ = LOADADDR (.ram4_init)
                0x00000000                __ram4_init__ = .
 *(.ram4_init)
 *(.ram4_init.*)
                0x00000000                . = ALIGN (0x4)

.ram4           0x00000000        0x0 load address 0x08002cf0
                0x00000000                . = ALIGN (0x4)
                0x00000000                __ram4_clear__ = .
 *(.ram4_clear)
 *(.ram4_clear.*)
                0x00000000                . = ALIGN (0x4)
                0x00000000                __ram4_noinit__ = .
 *(.ram4)
 *(.ram4.*)
                0x00000000                . = ALIGN (0x4)
                0x00000000                __ram4_free__ = .

.ram5_init      0x00000000        0x0 load address 0x08002cf0
                0x00000000                . = ALIGN (0x4)
                0x08002cf0                __ram5_init_text__ = LOADADDR (.ram5_init)
                0x00000000                __ram5_init__ = .
 *(.ram5_init)
 *(.ram5_init.*)
                0x00000000                . = ALIGN (0x4)

.ram5           0x00000000        0x0 load address 0x08002cf0
                0x00000000                . = ALIGN (0x4)
                0x00000000                __ram5_clear__ = .
 *(.ram5_clear)
 *(.ram5_clear.*)
                0x00000000                . = ALIGN (0x4)
                0x00000000                __ram5_noinit__ = .
 *(.ram5)
 *(.ram5.*)
                0x00000000                . = ALIGN (0x4)
                0x00000000                __ram5_free__ = .

.ram6_init      0x00000000        0x0 load address 0x08002cf0
                0x00000000                . = ALIGN (0x4)
                0x08002cf0                __ram6_init_text__ = LOADADDR (.ram6_init)
                0x00000000                __ram6_init__ = .
 *(.ram6_init)
 *(.ram6_init.*)
                0x00000000                . = ALIGN (0x4)

.ram6           0x00000000        0x0 load address 0x08002cf0
                0x00000000                . = ALIGN (0x4)
                0x00000000                __ram6_clear__ = .
 *(.ram6_clear)
 *(.ram6_clear.*)
                0x00000000                . = ALIGN (0x4)
                0x00000000                __ram6_noinit__ = .
 *(.ram6)
 *(.ram6.*)
                0x00000000                . = ALIGN (0x4)
                0x00000000                __ram6_free__ = .

.ram7_init      0x00000000        0x0 load address 0x08002cf0
                0x00000000                . = ALIGN (0x4)
                0x08002cf0                __ram7_init_text__ = LOADADDR (.ram7_init)
                0x00000000                __ram7_init__ = .
 *(.ram7_init)
 *(.ram7_init.*)
                0x00000000                . = ALIGN (0x4)

.ram7           0x00000000        0x0 load address 0x08002cf0
                0x00000000                . = ALIGN (0x4)
                0x00000000                __ram7_clear__ = .
 *(.ram7_clear)
 *(.ram7_clear.*)
                0x00000000                . = ALIGN (0x4)
                0x00000000                __ram7_noinit__ = .
 *(.ram7)
 *(.ram7.*)
                0x00000000                . = ALIGN (0x4)
                0x00000000                __ram7_free__ = .

.heap           0x200050f8    0x12f08
                0x200050f8                . = ALIGN (0x8)
                0x200050f8                __heap_base__ = .
                0x20018000                . = (ORIGIN (HEAP_RAM) + LENGTH (HEAP_RAM))
 *fill*         0x200050f8    0x12f08 
                0x20018000                __heap_end__ = .
                0x00000400                __process_stack_size__ = 0x400
                0x00000400                __main_stack_size__ = 0x400
START GROUP
LOAD c:/tools/embedded/gcc-arm-none-eabi-7-2017-q4-major-win32/bin/../lib/gcc/arm-none-eabi/7.2.1/thumb/v7e-m\libgcc.a
LOAD c:/tools/embedded/gcc-arm-none-eabi-7-2017-q4-major-win32/bin/../lib/gcc/arm-none-eabi/7.2.1/../../../../arm-none-eabi/lib/thumb/v7e-m\libg.a
LOAD c:/tools/embedded/gcc-arm-none-eabi-7-2017-q4-major-win32/bin/../lib/gcc/arm-none-eabi/7.2.1/../../../../arm-none-eabi/lib/thumb/v7e-m\libc.a
END GROUP
OUTPUT(build/ch.elf elf32-littlearm)

.ARM.attributes
                0x00000000       0x2f
 .ARM.attributes
                0x00000000       0x21 build/obj/crt0_v7m.o
 .ARM.attributes
                0x00000021       0x21 build/obj/vectors.o
 .ARM.attributes
                0x00000042       0x21 build/obj/chcoreasm_v7m.o
 .ARM.attributes
                0x00000063       0x31 C:\Users\RUVIMK~1\AppData\Local\Temp\ccm75HwL.ltrans0.ltrans.o
 .ARM.attributes
                0x00000094       0x1e c:/tools/embedded/gcc-arm-none-eabi-7-2017-q4-major-win32/bin/../lib/gcc/arm-none-eabi/7.2.1/thumb/v7e-m\libgcc.a(_aeabi_uldivmod.o)
 .ARM.attributes
                0x000000b2       0x2e c:/tools/embedded/gcc-arm-none-eabi-7-2017-q4-major-win32/bin/../lib/gcc/arm-none-eabi/7.2.1/thumb/v7e-m\libgcc.a(_udivmoddi4.o)
 .ARM.attributes
                0x000000e0       0x1e c:/tools/embedded/gcc-arm-none-eabi-7-2017-q4-major-win32/bin/../lib/gcc/arm-none-eabi/7.2.1/thumb/v7e-m\libgcc.a(_dvmd_tls.o)
 .ARM.attributes
                0x000000fe       0x1c c:/tools/embedded/gcc-arm-none-eabi-7-2017-q4-major-win32/bin/../lib/gcc/arm-none-eabi/7.2.1/../../../../arm-none-eabi/lib/thumb/v7e-m\libg.a(lib_a-memcpy.o)

.comment        0x00000000       0x7e
 .comment       0x00000000       0x7e C:\Users\RUVIMK~1\AppData\Local\Temp\ccm75HwL.ltrans0.ltrans.o
                                 0x7f (size before relaxing)

.debug_line     0x00000000     0x2320
 .debug_line    0x00000000       0xcd build/obj/crt0_v7m.o
 .debug_line    0x000000cd       0x77 build/obj/vectors.o
 .debug_line    0x00000144       0x89 build/obj/chcoreasm_v7m.o
 .debug_line    0x000001cd     0x2153 C:\Users\RUVIMK~1\AppData\Local\Temp\ccm75HwL.ltrans0.ltrans.o

.debug_info     0x00000000     0x9145
 .debug_info    0x00000000       0x26 build/obj/crt0_v7m.o
 .debug_info    0x00000026       0x26 build/obj/vectors.o
 .debug_info    0x0000004c       0x26 build/obj/chcoreasm_v7m.o
 .debug_info    0x00000072     0x90d3 C:\Users\RUVIMK~1\AppData\Local\Temp\ccm75HwL.ltrans0.ltrans.o

.debug_abbrev   0x00000000      0x7d1
 .debug_abbrev  0x00000000       0x14 build/obj/crt0_v7m.o
 .debug_abbrev  0x00000014       0x14 build/obj/vectors.o
 .debug_abbrev  0x00000028       0x14 build/obj/chcoreasm_v7m.o
 .debug_abbrev  0x0000003c      0x795 C:\Users\RUVIMK~1\AppData\Local\Temp\ccm75HwL.ltrans0.ltrans.o

.debug_aranges  0x00000000      0x2e0
 .debug_aranges
                0x00000000       0x20 build/obj/crt0_v7m.o
 .debug_aranges
                0x00000020       0x20 build/obj/vectors.o
 .debug_aranges
                0x00000040       0x20 build/obj/chcoreasm_v7m.o
 .debug_aranges
                0x00000060      0x280 C:\Users\RUVIMK~1\AppData\Local\Temp\ccm75HwL.ltrans0.ltrans.o

.debug_str      0x00000000     0x23a3
 .debug_str     0x00000000       0x93 build/obj/crt0_v7m.o
 .debug_str     0x00000093       0x42 build/obj/vectors.o
                                 0x92 (size before relaxing)
 .debug_str     0x000000d5       0x46 build/obj/chcoreasm_v7m.o
                                 0x96 (size before relaxing)
 .debug_str     0x0000011b     0x2288 C:\Users\RUVIMK~1\AppData\Local\Temp\ccm75HwL.ltrans0.ltrans.o
                               0x2484 (size before relaxing)

.debug_loc      0x00000000     0x3ca9
 .debug_loc     0x00000000     0x3ca9 C:\Users\RUVIMK~1\AppData\Local\Temp\ccm75HwL.ltrans0.ltrans.o

.debug_ranges   0x00000000     0x1900
 .debug_ranges  0x00000000     0x1900 C:\Users\RUVIMK~1\AppData\Local\Temp\ccm75HwL.ltrans0.ltrans.o

.debug_frame    0x00000000      0x938
 .debug_frame   0x00000000      0x8d8 C:\Users\RUVIMK~1\AppData\Local\Temp\ccm75HwL.ltrans0.ltrans.o
 .debug_frame   0x000008d8       0x2c c:/tools/embedded/gcc-arm-none-eabi-7-2017-q4-major-win32/bin/../lib/gcc/arm-none-eabi/7.2.1/thumb/v7e-m\libgcc.a(_aeabi_uldivmod.o)
 .debug_frame   0x00000904       0x34 c:/tools/embedded/gcc-arm-none-eabi-7-2017-q4-major-win32/bin/../lib/gcc/arm-none-eabi/7.2.1/thumb/v7e-m\libgcc.a(_udivmoddi4.o)

Cross Reference Table

Symbol                                            File
ADCD1                                             build/obj/hal_adc_lld.o (symbol from plugin)
                                                  build/obj/main.o (symbol from plugin)
BusFault_Handler                                  build/obj/vectors.o
DebugMon_Handler                                  build/obj/vectors.o
HardFault_Handler                                 build/obj/vectors.o
MemManage_Handler                                 build/obj/vectors.o
NMI_Handler                                       build/obj/vectors.o
PWMD3                                             build/obj/hal_pwm_lld.o (symbol from plugin)
                                                  build/obj/main.o (symbol from plugin)
PWMD5                                             build/obj/hal_pwm_lld.o (symbol from plugin)
                                                  build/obj/main.o (symbol from plugin)
PendSV_Handler                                    build/obj/vectors.o
Reset_Handler                                     build/obj/vectors.o
SD2                                               build/obj/hal_serial_lld.o (symbol from plugin)
                                                  build/obj/main.o (symbol from plugin)
SVC_Handler                                       C:\Users\RUVIMK~1\AppData\Local\Temp\ccm75HwL.ltrans0.ltrans.o
                                                  build/obj/chcore_v7m.o (symbol from plugin)
                                                  build/obj/vectors.o
SysTick_Handler                                   build/obj/vectors.o
SystemCoreClock                                   build/obj/hal_lld.o (symbol from plugin)
UsageFault_Handler                                build/obj/vectors.o
Vector100                                         build/obj/vectors.o
Vector104                                         build/obj/vectors.o
Vector108                                         C:\Users\RUVIMK~1\AppData\Local\Temp\ccm75HwL.ltrans0.ltrans.o
                                                  build/obj/hal_pwm_lld.o (symbol from plugin)
                                                  build/obj/vectors.o
Vector10C                                         build/obj/vectors.o
Vector110                                         build/obj/vectors.o
Vector114                                         build/obj/vectors.o
Vector118                                         build/obj/vectors.o
Vector11C                                         build/obj/vectors.o
Vector120                                         C:\Users\RUVIMK~1\AppData\Local\Temp\ccm75HwL.ltrans0.ltrans.o
                                                  build/obj/stm32_dma.o (symbol from plugin)
                                                  build/obj/vectors.o
Vector124                                         C:\Users\RUVIMK~1\AppData\Local\Temp\ccm75HwL.ltrans0.ltrans.o
                                                  build/obj/stm32_dma.o (symbol from plugin)
                                                  build/obj/vectors.o
Vector128                                         C:\Users\RUVIMK~1\AppData\Local\Temp\ccm75HwL.ltrans0.ltrans.o
                                                  build/obj/stm32_dma.o (symbol from plugin)
                                                  build/obj/vectors.o
Vector12C                                         C:\Users\RUVIMK~1\AppData\Local\Temp\ccm75HwL.ltrans0.ltrans.o
                                                  build/obj/stm32_dma.o (symbol from plugin)
                                                  build/obj/vectors.o
Vector130                                         C:\Users\RUVIMK~1\AppData\Local\Temp\ccm75HwL.ltrans0.ltrans.o
                                                  build/obj/stm32_dma.o (symbol from plugin)
                                                  build/obj/vectors.o
Vector134                                         build/obj/vectors.o
Vector138                                         build/obj/vectors.o
Vector13C                                         build/obj/vectors.o
Vector140                                         build/obj/vectors.o
Vector144                                         build/obj/vectors.o
Vector148                                         build/obj/vectors.o
Vector14C                                         build/obj/vectors.o
Vector150                                         C:\Users\RUVIMK~1\AppData\Local\Temp\ccm75HwL.ltrans0.ltrans.o
                                                  build/obj/stm32_dma.o (symbol from plugin)
                                                  build/obj/vectors.o
Vector154                                         C:\Users\RUVIMK~1\AppData\Local\Temp\ccm75HwL.ltrans0.ltrans.o
                                                  build/obj/stm32_dma.o (symbol from plugin)
                                                  build/obj/vectors.o
Vector158                                         C:\Users\RUVIMK~1\AppData\Local\Temp\ccm75HwL.ltrans0.ltrans.o
                                                  build/obj/stm32_dma.o (symbol from plugin)
                                                  build/obj/vectors.o
Vector15C                                         build/obj/vectors.o
Vector160                                         build/obj/vectors.o
Vector164                                         build/obj/vectors.o
Vector168                                         build/obj/vectors.o
Vector16C                                         build/obj/vectors.o
Vector170                                         build/obj/vectors.o
Vector174                                         build/obj/vectors.o
Vector178                                         build/obj/vectors.o
Vector17C                                         build/obj/vectors.o
Vector180                                         build/obj/vectors.o
Vector184                                         build/obj/vectors.o
Vector188                                         build/obj/vectors.o
Vector18C                                         build/obj/vectors.o
Vector190                                         build/obj/vectors.o
Vector194                                         build/obj/vectors.o
Vector198                                         build/obj/vectors.o
Vector19C                                         build/obj/vectors.o
Vector1A0                                         build/obj/vectors.o
Vector1A4                                         build/obj/vectors.o
Vector1A8                                         build/obj/vectors.o
Vector1AC                                         build/obj/vectors.o
Vector1B0                                         build/obj/vectors.o
Vector1B4                                         build/obj/vectors.o
Vector1B8                                         build/obj/vectors.o
Vector1BC                                         build/obj/vectors.o
Vector1C                                          build/obj/vectors.o
Vector1C0                                         build/obj/vectors.o
Vector1C4                                         build/obj/vectors.o
Vector1C8                                         build/obj/vectors.o
Vector1CC                                         build/obj/vectors.o
Vector1D0                                         build/obj/vectors.o
Vector1D4                                         build/obj/vectors.o
Vector1D8                                         build/obj/vectors.o
Vector1DC                                         build/obj/vectors.o
Vector20                                          build/obj/vectors.o
Vector24                                          build/obj/vectors.o
Vector28                                          build/obj/vectors.o
Vector34                                          build/obj/vectors.o
Vector40                                          build/obj/vectors.o
Vector44                                          build/obj/vectors.o
Vector48                                          build/obj/vectors.o
Vector4C                                          build/obj/vectors.o
Vector50                                          build/obj/vectors.o
Vector54                                          build/obj/vectors.o
Vector58                                          build/obj/vectors.o
Vector5C                                          build/obj/vectors.o
Vector60                                          build/obj/vectors.o
Vector64                                          build/obj/vectors.o
Vector68                                          build/obj/vectors.o
Vector6C                                          C:\Users\RUVIMK~1\AppData\Local\Temp\ccm75HwL.ltrans0.ltrans.o
                                                  build/obj/stm32_dma.o (symbol from plugin)
                                                  build/obj/vectors.o
Vector70                                          C:\Users\RUVIMK~1\AppData\Local\Temp\ccm75HwL.ltrans0.ltrans.o
                                                  build/obj/stm32_dma.o (symbol from plugin)
                                                  build/obj/vectors.o
Vector74                                          C:\Users\RUVIMK~1\AppData\Local\Temp\ccm75HwL.ltrans0.ltrans.o
                                                  build/obj/stm32_dma.o (symbol from plugin)
                                                  build/obj/vectors.o
Vector78                                          C:\Users\RUVIMK~1\AppData\Local\Temp\ccm75HwL.ltrans0.ltrans.o
                                                  build/obj/stm32_dma.o (symbol from plugin)
                                                  build/obj/vectors.o
Vector7C                                          C:\Users\RUVIMK~1\AppData\Local\Temp\ccm75HwL.ltrans0.ltrans.o
                                                  build/obj/stm32_dma.o (symbol from plugin)
                                                  build/obj/vectors.o
Vector80                                          C:\Users\RUVIMK~1\AppData\Local\Temp\ccm75HwL.ltrans0.ltrans.o
                                                  build/obj/stm32_dma.o (symbol from plugin)
                                                  build/obj/vectors.o
Vector84                                          C:\Users\RUVIMK~1\AppData\Local\Temp\ccm75HwL.ltrans0.ltrans.o
                                                  build/obj/stm32_dma.o (symbol from plugin)
                                                  build/obj/vectors.o
Vector88                                          C:\Users\RUVIMK~1\AppData\Local\Temp\ccm75HwL.ltrans0.ltrans.o
                                                  build/obj/hal_adc_lld.o (symbol from plugin)
                                                  build/obj/vectors.o
Vector8C                                          build/obj/vectors.o
Vector90                                          build/obj/vectors.o
Vector94                                          build/obj/vectors.o
Vector98                                          build/obj/vectors.o
Vector9C                                          build/obj/vectors.o
VectorA0                                          build/obj/vectors.o
VectorA4                                          build/obj/vectors.o
VectorA8                                          build/obj/vectors.o
VectorAC                                          build/obj/vectors.o
VectorB0                                          C:\Users\RUVIMK~1\AppData\Local\Temp\ccm75HwL.ltrans0.ltrans.o
                                                  build/obj/hal_st_lld.o (symbol from plugin)
                                                  build/obj/vectors.o
VectorB4                                          C:\Users\RUVIMK~1\AppData\Local\Temp\ccm75HwL.ltrans0.ltrans.o
                                                  build/obj/hal_pwm_lld.o (symbol from plugin)
                                                  build/obj/vectors.o
VectorB8                                          build/obj/vectors.o
VectorBC                                          build/obj/vectors.o
VectorC0                                          build/obj/vectors.o
VectorC4                                          build/obj/vectors.o
VectorC8                                          build/obj/vectors.o
VectorCC                                          build/obj/vectors.o
VectorD0                                          build/obj/vectors.o
VectorD4                                          build/obj/vectors.o
VectorD8                                          C:\Users\RUVIMK~1\AppData\Local\Temp\ccm75HwL.ltrans0.ltrans.o
                                                  build/obj/hal_serial_lld.o (symbol from plugin)
                                                  build/obj/vectors.o
VectorDC                                          build/obj/vectors.o
VectorE0                                          build/obj/vectors.o
VectorE4                                          build/obj/vectors.o
VectorE8                                          build/obj/vectors.o
VectorEC                                          build/obj/vectors.o
VectorF0                                          build/obj/vectors.o
VectorF4                                          build/obj/vectors.o
VectorF8                                          build/obj/vectors.o
VectorFC                                          C:\Users\RUVIMK~1\AppData\Local\Temp\ccm75HwL.ltrans0.ltrans.o
                                                  build/obj/stm32_dma.o (symbol from plugin)
                                                  build/obj/vectors.o
__aeabi_idiv0                                     c:/tools/embedded/gcc-arm-none-eabi-7-2017-q4-major-win32/bin/../lib/gcc/arm-none-eabi/7.2.1/thumb/v7e-m\libgcc.a(_dvmd_tls.o)
__aeabi_ldiv0                                     c:/tools/embedded/gcc-arm-none-eabi-7-2017-q4-major-win32/bin/../lib/gcc/arm-none-eabi/7.2.1/thumb/v7e-m\libgcc.a(_dvmd_tls.o)
                                                  c:/tools/embedded/gcc-arm-none-eabi-7-2017-q4-major-win32/bin/../lib/gcc/arm-none-eabi/7.2.1/thumb/v7e-m\libgcc.a(_aeabi_uldivmod.o)
                                                  c:/tools/embedded/gcc-arm-none-eabi-7-2017-q4-major-win32/bin/../lib/gcc/arm-none-eabi/7.2.1/thumb/v7e-m\libgcc.a(_aeabi_ldivmod.o)
__aeabi_ldivmod                                   c:/tools/embedded/gcc-arm-none-eabi-7-2017-q4-major-win32/bin/../lib/gcc/arm-none-eabi/7.2.1/thumb/v7e-m\libgcc.a(_aeabi_ldivmod.o)
                                                  C:\Users\RUVIMK~1\AppData\Local\Temp\ccm75HwL.ltrans0.ltrans.o
__aeabi_uldivmod                                  c:/tools/embedded/gcc-arm-none-eabi-7-2017-q4-major-win32/bin/../lib/gcc/arm-none-eabi/7.2.1/thumb/v7e-m\libgcc.a(_aeabi_uldivmod.o)
                                                  C:\Users\RUVIMK~1\AppData\Local\Temp\ccm75HwL.ltrans0.ltrans.o
__core_init                                       C:\Users\RUVIMK~1\AppData\Local\Temp\ccm75HwL.ltrans0.ltrans.o
                                                  build/obj/crt1.o (symbol from plugin)
                                                  build/obj/crt0_v7m.o
__default_exit                                    C:\Users\RUVIMK~1\AppData\Local\Temp\ccm75HwL.ltrans0.ltrans.o
                                                  build/obj/crt1.o (symbol from plugin)
                                                  build/obj/crt0_v7m.o
__early_init                                      C:\Users\RUVIMK~1\AppData\Local\Temp\ccm75HwL.ltrans0.ltrans.o
                                                  build/obj/board.o (symbol from plugin)
                                                  build/obj/crt1.o (symbol from plugin)
                                                  build/obj/crt0_v7m.o
__fini_array_end                                  build/obj/crt0_v7m.o
__fini_array_start                                build/obj/crt0_v7m.o
__heap_base__                                     C:\Users\RUVIMK~1\AppData\Local\Temp\ccm75HwL.ltrans0.ltrans.o
                                                  build/obj/chmemcore.o (symbol from plugin)
__heap_end__                                      C:\Users\RUVIMK~1\AppData\Local\Temp\ccm75HwL.ltrans0.ltrans.o
                                                  build/obj/chmemcore.o (symbol from plugin)
__init_array_end                                  build/obj/crt0_v7m.o
__init_array_start                                build/obj/crt0_v7m.o
__init_ram_areas                                  C:\Users\RUVIMK~1\AppData\Local\Temp\ccm75HwL.ltrans0.ltrans.o
                                                  build/obj/crt1.o (symbol from plugin)
                                                  build/obj/crt0_v7m.o
__late_init                                       C:\Users\RUVIMK~1\AppData\Local\Temp\ccm75HwL.ltrans0.ltrans.o
                                                  build/obj/crt1.o (symbol from plugin)
                                                  build/obj/crt0_v7m.o
__main_stack_base__                               build/obj/crt0_v7m.o
__main_stack_end__                                build/obj/vectors.o
                                                  build/obj/crt0_v7m.o
__process_stack_base__                            build/obj/crt0_v7m.o
__process_stack_end__                             build/obj/crt0_v7m.o
__ram0_clear__                                    C:\Users\RUVIMK~1\AppData\Local\Temp\ccm75HwL.ltrans0.ltrans.o
                                                  build/obj/crt1.o (symbol from plugin)
__ram0_init__                                     C:\Users\RUVIMK~1\AppData\Local\Temp\ccm75HwL.ltrans0.ltrans.o
                                                  build/obj/crt1.o (symbol from plugin)
__ram0_init_text__                                C:\Users\RUVIMK~1\AppData\Local\Temp\ccm75HwL.ltrans0.ltrans.o
                                                  build/obj/crt1.o (symbol from plugin)
__ram0_noinit__                                   C:\Users\RUVIMK~1\AppData\Local\Temp\ccm75HwL.ltrans0.ltrans.o
                                                  build/obj/crt1.o (symbol from plugin)
__ram1_clear__                                    C:\Users\RUVIMK~1\AppData\Local\Temp\ccm75HwL.ltrans0.ltrans.o
                                                  build/obj/crt1.o (symbol from plugin)
__ram1_init__                                     C:\Users\RUVIMK~1\AppData\Local\Temp\ccm75HwL.ltrans0.ltrans.o
                                                  build/obj/crt1.o (symbol from plugin)
__ram1_init_text__                                C:\Users\RUVIMK~1\AppData\Local\Temp\ccm75HwL.ltrans0.ltrans.o
                                                  build/obj/crt1.o (symbol from plugin)
__ram1_noinit__                                   C:\Users\RUVIMK~1\AppData\Local\Temp\ccm75HwL.ltrans0.ltrans.o
                                                  build/obj/crt1.o (symbol from plugin)
__ram2_clear__                                    C:\Users\RUVIMK~1\AppData\Local\Temp\ccm75HwL.ltrans0.ltrans.o
                                                  build/obj/crt1.o (symbol from plugin)
__ram2_init__                                     C:\Users\RUVIMK~1\AppData\Local\Temp\ccm75HwL.ltrans0.ltrans.o
                                                  build/obj/crt1.o (symbol from plugin)
__ram2_init_text__                                C:\Users\RUVIMK~1\AppData\Local\Temp\ccm75HwL.ltrans0.ltrans.o
                                                  build/obj/crt1.o (symbol from plugin)
__ram2_noinit__                                   C:\Users\RUVIMK~1\AppData\Local\Temp\ccm75HwL.ltrans0.ltrans.o
                                                  build/obj/crt1.o (symbol from plugin)
__ram3_clear__                                    C:\Users\RUVIMK~1\AppData\Local\Temp\ccm75HwL.ltrans0.ltrans.o
                                                  build/obj/crt1.o (symbol from plugin)
__ram3_init__                                     C:\Users\RUVIMK~1\AppData\Local\Temp\ccm75HwL.ltrans0.ltrans.o
                                                  build/obj/crt1.o (symbol from plugin)
__ram3_init_text__                                C:\Users\RUVIMK~1\AppData\Local\Temp\ccm75HwL.ltrans0.ltrans.o
                                                  build/obj/crt1.o (symbol from plugin)
__ram3_noinit__                                   C:\Users\RUVIMK~1\AppData\Local\Temp\ccm75HwL.ltrans0.ltrans.o
                                                  build/obj/crt1.o (symbol from plugin)
__ram4_clear__                                    C:\Users\RUVIMK~1\AppData\Local\Temp\ccm75HwL.ltrans0.ltrans.o
                                                  build/obj/crt1.o (symbol from plugin)
__ram4_init__                                     C:\Users\RUVIMK~1\AppData\Local\Temp\ccm75HwL.ltrans0.ltrans.o
                                                  build/obj/crt1.o (symbol from plugin)
__ram4_init_text__                                C:\Users\RUVIMK~1\AppData\Local\Temp\ccm75HwL.ltrans0.ltrans.o
                                                  build/obj/crt1.o (symbol from plugin)
__ram4_noinit__                                   C:\Users\RUVIMK~1\AppData\Local\Temp\ccm75HwL.ltrans0.ltrans.o
                                                  build/obj/crt1.o (symbol from plugin)
__ram5_clear__                                    C:\Users\RUVIMK~1\AppData\Local\Temp\ccm75HwL.ltrans0.ltrans.o
                                                  build/obj/crt1.o (symbol from plugin)
__ram5_init__                                     C:\Users\RUVIMK~1\AppData\Local\Temp\ccm75HwL.ltrans0.ltrans.o
                                                  build/obj/crt1.o (symbol from plugin)
__ram5_init_text__                                C:\Users\RUVIMK~1\AppData\Local\Temp\ccm75HwL.ltrans0.ltrans.o
                                                  build/obj/crt1.o (symbol from plugin)
__ram5_noinit__                                   C:\Users\RUVIMK~1\AppData\Local\Temp\ccm75HwL.ltrans0.ltrans.o
                                                  build/obj/crt1.o (symbol from plugin)
__ram6_clear__                                    C:\Users\RUVIMK~1\AppData\Local\Temp\ccm75HwL.ltrans0.ltrans.o
                                                  build/obj/crt1.o (symbol from plugin)
__ram6_init__                                     C:\Users\RUVIMK~1\AppData\Local\Temp\ccm75HwL.ltrans0.ltrans.o
                                                  build/obj/crt1.o (symbol from plugin)
__ram6_init_text__                                C:\Users\RUVIMK~1\AppData\Local\Temp\ccm75HwL.ltrans0.ltrans.o
                                                  build/obj/crt1.o (symbol from plugin)
__ram6_noinit__                                   C:\Users\RUVIMK~1\AppData\Local\Temp\ccm75HwL.ltrans0.ltrans.o
                                                  build/obj/crt1.o (symbol from plugin)
__ram7_clear__                                    C:\Users\RUVIMK~1\AppData\Local\Temp\ccm75HwL.ltrans0.ltrans.o
                                                  build/obj/crt1.o (symbol from plugin)
__ram7_init__                                     C:\Users\RUVIMK~1\AppData\Local\Temp\ccm75HwL.ltrans0.ltrans.o
                                                  build/obj/crt1.o (symbol from plugin)
__ram7_init_text__                                C:\Users\RUVIMK~1\AppData\Local\Temp\ccm75HwL.ltrans0.ltrans.o
                                                  build/obj/crt1.o (symbol from plugin)
__ram7_noinit__                                   C:\Users\RUVIMK~1\AppData\Local\Temp\ccm75HwL.ltrans0.ltrans.o
                                                  build/obj/crt1.o (symbol from plugin)
__udivmoddi4                                      c:/tools/embedded/gcc-arm-none-eabi-7-2017-q4-major-win32/bin/../lib/gcc/arm-none-eabi/7.2.1/thumb/v7e-m\libgcc.a(_udivmoddi4.o)
                                                  c:/tools/embedded/gcc-arm-none-eabi-7-2017-q4-major-win32/bin/../lib/gcc/arm-none-eabi/7.2.1/thumb/v7e-m\libgcc.a(_aeabi_uldivmod.o)
                                                  c:/tools/embedded/gcc-arm-none-eabi-7-2017-q4-major-win32/bin/../lib/gcc/arm-none-eabi/7.2.1/thumb/v7e-m\libgcc.a(_aeabi_ldivmod.o)
_bss_end                                          build/obj/crt0_v7m.o
_bss_start                                        build/obj/crt0_v7m.o
_core_init                                        build/obj/chmemcore.o (symbol from plugin)
                                                  build/obj/chsys.o (symbol from plugin)
_crt0_entry                                       build/obj/crt0_v7m.o
                                                  build/obj/vectors.o
_data_end                                         build/obj/crt0_v7m.o
_data_start                                       build/obj/crt0_v7m.o
_factory_init                                     build/obj/chfactory.o (symbol from plugin)
                                                  build/obj/chsys.o (symbol from plugin)
_heap_init                                        build/obj/chheap.o (symbol from plugin)
                                                  build/obj/chsys.o (symbol from plugin)
_pal_events                                       build/obj/hal_pal_lld.o (symbol from plugin)
_pal_lld_init                                     build/obj/hal_pal_lld.o (symbol from plugin)
                                                  build/obj/hal.o (symbol from plugin)
_pal_lld_setgroupmode                             build/obj/hal_pal_lld.o (symbol from plugin)
                                                  build/obj/main.o (symbol from plugin)
                                                  build/obj/hal_pal.o (symbol from plugin)
_port_exit_from_isr                               build/obj/chcoreasm_v7m.o
                                                  C:\Users\RUVIMK~1\AppData\Local\Temp\ccm75HwL.ltrans0.ltrans.o
                                                  build/obj/chcore_v7m.o (symbol from plugin)
_port_irq_epilogue                                build/obj/chcore_v7m.o (symbol from plugin)
                                                  build/obj/hal_serial_lld.o (symbol from plugin)
                                                  build/obj/hal_pwm_lld.o (symbol from plugin)
                                                  build/obj/hal_st_lld.o (symbol from plugin)
                                                  build/obj/stm32_dma.o (symbol from plugin)
                                                  build/obj/hal_adc_lld.o (symbol from plugin)
_port_switch                                      build/obj/chcoreasm_v7m.o
                                                  C:\Users\RUVIMK~1\AppData\Local\Temp\ccm75HwL.ltrans0.ltrans.o
                                                  build/obj/chschd.o (symbol from plugin)
_port_switch_from_isr                             build/obj/chcoreasm_v7m.o
                                                  C:\Users\RUVIMK~1\AppData\Local\Temp\ccm75HwL.ltrans0.ltrans.o
                                                  build/obj/chcore_v7m.o (symbol from plugin)
_port_thread_start                                build/obj/chcoreasm_v7m.o
                                                  C:\Users\RUVIMK~1\AppData\Local\Temp\ccm75HwL.ltrans0.ltrans.o
                                                  build/obj/chthreads.o (symbol from plugin)
_scheduler_init                                   build/obj/chschd.o (symbol from plugin)
                                                  build/obj/chsys.o (symbol from plugin)
_stm32_dma_streams                                build/obj/stm32_dma.o (symbol from plugin)
                                                  build/obj/hal_adc_lld.o (symbol from plugin)
_test_assert                                      build/obj/ch_test.o (symbol from plugin)
                                                  build/obj/oslib_test_sequence_004.o (symbol from plugin)
                                                  build/obj/oslib_test_sequence_003.o (symbol from plugin)
                                                  build/obj/oslib_test_sequence_002.o (symbol from plugin)
                                                  build/obj/oslib_test_sequence_001.o (symbol from plugin)
                                                  build/obj/rt_test_sequence_009.o (symbol from plugin)
                                                  build/obj/rt_test_sequence_008.o (symbol from plugin)
                                                  build/obj/rt_test_sequence_006.o (symbol from plugin)
                                                  build/obj/rt_test_sequence_005.o (symbol from plugin)
                                                  build/obj/rt_test_sequence_004.o (symbol from plugin)
                                                  build/obj/rt_test_sequence_003.o (symbol from plugin)
                                                  build/obj/rt_test_sequence_002.o (symbol from plugin)
_test_assert_sequence                             build/obj/ch_test.o (symbol from plugin)
                                                  build/obj/oslib_test_sequence_001.o (symbol from plugin)
                                                  build/obj/rt_test_sequence_009.o (symbol from plugin)
                                                  build/obj/rt_test_sequence_008.o (symbol from plugin)
                                                  build/obj/rt_test_sequence_007.o (symbol from plugin)
                                                  build/obj/rt_test_sequence_006.o (symbol from plugin)
                                                  build/obj/rt_test_sequence_005.o (symbol from plugin)
                                                  build/obj/rt_test_sequence_003.o (symbol from plugin)
_test_assert_time_window                          build/obj/ch_test.o (symbol from plugin)
                                                  build/obj/rt_test_sequence_008.o (symbol from plugin)
                                                  build/obj/rt_test_sequence_005.o (symbol from plugin)
                                                  build/obj/rt_test_sequence_004.o (symbol from plugin)
                                                  build/obj/rt_test_sequence_003.o (symbol from plugin)
_test_fail                                        build/obj/ch_test.o (symbol from plugin)
_textdata_start                                   build/obj/crt0_v7m.o
_thread_init                                      build/obj/chthreads.o (symbol from plugin)
                                                  build/obj/chsys.o (symbol from plugin)
_tm_init                                          build/obj/chtm.o (symbol from plugin)
                                                  build/obj/chsys.o (symbol from plugin)
_unhandled_exception                              build/obj/vectors.o
_vectors                                          build/obj/vectors.o
                                                  build/obj/crt0_v7m.o
_vt_init                                          build/obj/chvt.o (symbol from plugin)
                                                  build/obj/chsys.o (symbol from plugin)
adcAcquireBus                                     build/obj/hal_adc.o (symbol from plugin)
adcConvert                                        build/obj/hal_adc.o (symbol from plugin)
                                                  build/obj/main.o (symbol from plugin)
adcInit                                           build/obj/hal_adc.o (symbol from plugin)
                                                  build/obj/hal.o (symbol from plugin)
adcObjectInit                                     build/obj/hal_adc.o (symbol from plugin)
                                                  build/obj/hal_adc_lld.o (symbol from plugin)
[...]
oqPutTimeout                                      build/obj/hal_queues.o (symbol from plugin)
                                                  build/obj/hal_serial.o (symbol from plugin)
oqResetI                                          build/obj/hal_queues.o (symbol from plugin)
                                                  build/obj/hal_serial.o (symbol from plugin)
oqWriteI                                          build/obj/hal_queues.o (symbol from plugin)
oqWriteTimeout                                    build/obj/hal_queues.o (symbol from plugin)
                                                  build/obj/main.o (symbol from plugin)
                                                  build/obj/hal_serial.o (symbol from plugin)
oslib_test_sequence_001                           build/obj/oslib_test_sequence_001.o (symbol from plugin)
                                                  build/obj/oslib_test_root.o (symbol from plugin)
oslib_test_sequence_001_array                     build/obj/oslib_test_sequence_001.o (symbol from plugin)
oslib_test_sequence_002                           build/obj/oslib_test_sequence_002.o (symbol from plugin)
                                                  build/obj/oslib_test_root.o (symbol from plugin)
oslib_test_sequence_002_array                     build/obj/oslib_test_sequence_002.o (symbol from plugin)
oslib_test_sequence_003                           build/obj/oslib_test_sequence_003.o (symbol from plugin)
                                                  build/obj/oslib_test_root.o (symbol from plugin)
oslib_test_sequence_003_array                     build/obj/oslib_test_sequence_003.o (symbol from plugin)
oslib_test_sequence_004                           build/obj/oslib_test_sequence_004.o (symbol from plugin)
                                                  build/obj/oslib_test_root.o (symbol from plugin)
oslib_test_sequence_004_array                     build/obj/oslib_test_sequence_004.o (symbol from plugin)
oslib_test_suite                                  build/obj/oslib_test_root.o (symbol from plugin)
oslib_test_suite_array                            build/obj/oslib_test_root.o (symbol from plugin)
palReadBus                                        build/obj/hal_pal.o (symbol from plugin)
palSetBusMode                                     build/obj/hal_pal.o (symbol from plugin)
palWriteBus                                       build/obj/hal_pal.o (symbol from plugin)
pwmChangePeriod                                   build/obj/hal_pwm.o (symbol from plugin)
pwmDisableChannel                                 build/obj/hal_pwm.o (symbol from plugin)
pwmDisableChannelNotification                     build/obj/hal_pwm.o (symbol from plugin)
pwmDisablePeriodicNotification                    build/obj/hal_pwm.o (symbol from plugin)
pwmEnableChannel                                  build/obj/hal_pwm.o (symbol from plugin)
                                                  build/obj/main.o (symbol from plugin)
pwmEnableChannelNotification                      build/obj/hal_pwm.o (symbol from plugin)
pwmEnablePeriodicNotification                     build/obj/hal_pwm.o (symbol from plugin)
pwmInit                                           build/obj/hal_pwm.o (symbol from plugin)
                                                  build/obj/hal.o (symbol from plugin)
pwmObjectInit                                     build/obj/hal_pwm.o (symbol from plugin)
                                                  build/obj/hal_pwm_lld.o (symbol from plugin)
pwmStart                                          build/obj/hal_pwm.o (symbol from plugin)
                                                  build/obj/main.o (symbol from plugin)
pwmStop                                           build/obj/hal_pwm.o (symbol from plugin)
pwm_lld_disable_channel                           build/obj/hal_pwm_lld.o (symbol from plugin)
                                                  build/obj/hal_pwm.o (symbol from plugin)
pwm_lld_disable_channel_notification              build/obj/hal_pwm_lld.o (symbol from plugin)
                                                  build/obj/hal_pwm.o (symbol from plugin)
pwm_lld_disable_periodic_notification             build/obj/hal_pwm_lld.o (symbol from plugin)
                                                  build/obj/hal_pwm.o (symbol from plugin)
pwm_lld_enable_channel                            build/obj/hal_pwm_lld.o (symbol from plugin)
                                                  build/obj/hal_pwm.o (symbol from plugin)
pwm_lld_enable_channel_notification               build/obj/hal_pwm_lld.o (symbol from plugin)
                                                  build/obj/hal_pwm.o (symbol from plugin)
pwm_lld_enable_periodic_notification              build/obj/hal_pwm_lld.o (symbol from plugin)
                                                  build/obj/hal_pwm.o (symbol from plugin)
pwm_lld_init                                      build/obj/hal_pwm_lld.o (symbol from plugin)
                                                  build/obj/hal_pwm.o (symbol from plugin)
pwm_lld_serve_interrupt                           build/obj/hal_pwm_lld.o (symbol from plugin)
pwm_lld_start                                     build/obj/hal_pwm_lld.o (symbol from plugin)
                                                  build/obj/hal_pwm.o (symbol from plugin)
pwm_lld_stop                                      build/obj/hal_pwm_lld.o (symbol from plugin)
                                                  build/obj/hal_pwm.o (symbol from plugin)
readVoltageStats                                  build/obj/main.o (symbol from plugin)
rt_test_sequence_001                              build/obj/rt_test_sequence_001.o (symbol from plugin)
                                                  build/obj/rt_test_root.o (symbol from plugin)
rt_test_sequence_001_array                        build/obj/rt_test_sequence_001.o (symbol from plugin)
rt_test_sequence_002                              build/obj/rt_test_sequence_002.o (symbol from plugin)
                                                  build/obj/rt_test_root.o (symbol from plugin)
rt_test_sequence_002_array                        build/obj/rt_test_sequence_002.o (symbol from plugin)
rt_test_sequence_003                              build/obj/rt_test_sequence_003.o (symbol from plugin)
                                                  build/obj/rt_test_root.o (symbol from plugin)
rt_test_sequence_003_array                        build/obj/rt_test_sequence_003.o (symbol from plugin)
rt_test_sequence_004                              build/obj/rt_test_sequence_004.o (symbol from plugin)
                                                  build/obj/rt_test_root.o (symbol from plugin)
rt_test_sequence_004_array                        build/obj/rt_test_sequence_004.o (symbol from plugin)
rt_test_sequence_005                              build/obj/rt_test_sequence_005.o (symbol from plugin)
                                                  build/obj/rt_test_root.o (symbol from plugin)
rt_test_sequence_005_array                        build/obj/rt_test_sequence_005.o (symbol from plugin)
rt_test_sequence_006                              build/obj/rt_test_sequence_006.o (symbol from plugin)
                                                  build/obj/rt_test_root.o (symbol from plugin)
rt_test_sequence_006_array                        build/obj/rt_test_sequence_006.o (symbol from plugin)
rt_test_sequence_007                              build/obj/rt_test_sequence_007.o (symbol from plugin)
                                                  build/obj/rt_test_root.o (symbol from plugin)
rt_test_sequence_007_array                        build/obj/rt_test_sequence_007.o (symbol from plugin)
rt_test_sequence_008                              build/obj/rt_test_sequence_008.o (symbol from plugin)
                                                  build/obj/rt_test_root.o (symbol from plugin)
rt_test_sequence_008_array                        build/obj/rt_test_sequence_008.o (symbol from plugin)
rt_test_sequence_009                              build/obj/rt_test_sequence_009.o (symbol from plugin)
                                                  build/obj/rt_test_root.o (symbol from plugin)
rt_test_sequence_009_array                        build/obj/rt_test_sequence_009.o (symbol from plugin)
rt_test_sequence_010                              build/obj/rt_test_sequence_010.o (symbol from plugin)
                                                  build/obj/rt_test_root.o (symbol from plugin)
rt_test_sequence_010_array                        build/obj/rt_test_sequence_010.o (symbol from plugin)
rt_test_suite                                     build/obj/rt_test_root.o (symbol from plugin)
rt_test_suite_array                               build/obj/rt_test_root.o (symbol from plugin)
sdControl                                         build/obj/hal_serial.o (symbol from plugin)
sdGetWouldBlock                                   build/obj/hal_serial.o (symbol from plugin)
sdIncomingDataI                                   build/obj/hal_serial.o (symbol from plugin)
                                                  build/obj/hal_serial_lld.o (symbol from plugin)
sdInit                                            build/obj/hal_serial.o (symbol from plugin)
                                                  build/obj/hal.o (symbol from plugin)
sdObjectInit                                      build/obj/hal_serial.o (symbol from plugin)
                                                  build/obj/hal_serial_lld.o (symbol from plugin)
sdPutWouldBlock                                   build/obj/hal_serial.o (symbol from plugin)
sdRequestDataI                                    build/obj/hal_serial.o (symbol from plugin)
sdStart                                           build/obj/hal_serial.o (symbol from plugin)
                                                  build/obj/main.o (symbol from plugin)
sdStop                                            build/obj/hal_serial.o (symbol from plugin)
sd_lld_init                                       build/obj/hal_serial_lld.o (symbol from plugin)
                                                  build/obj/hal_serial.o (symbol from plugin)
sd_lld_start                                      build/obj/hal_serial_lld.o (symbol from plugin)
                                                  build/obj/hal_serial.o (symbol from plugin)
sd_lld_stop                                       build/obj/hal_serial_lld.o (symbol from plugin)
                                                  build/obj/hal_serial.o (symbol from plugin)
sendSerialData                                    build/obj/main.o (symbol from plugin)
sendSyncSignal                                    build/obj/main.o (symbol from plugin)
stGetAlarm                                        build/obj/hal_st.o (symbol from plugin)
stInit                                            build/obj/hal_st.o (symbol from plugin)
                                                  build/obj/hal.o (symbol from plugin)
stSetAlarm                                        build/obj/hal_st.o (symbol from plugin)
                                                  build/obj/chvt.o (symbol from plugin)
                                                  build/obj/chsys.o (symbol from plugin)
stStartAlarm                                      build/obj/hal_st.o (symbol from plugin)
                                                  build/obj/chvt.o (symbol from plugin)
stStopAlarm                                       build/obj/hal_st.o (symbol from plugin)
                                                  build/obj/chvt.o (symbol from plugin)
                                                  build/obj/chsys.o (symbol from plugin)
st_lld_init                                       build/obj/hal_st_lld.o (symbol from plugin)
                                                  build/obj/hal_st.o (symbol from plugin)
stm32_clock_init                                  build/obj/hal_lld.o (symbol from plugin)
                                                  build/obj/board.o (symbol from plugin)
test_buffer                                       build/obj/rt_test_root.o (symbol from plugin)
                                                  build/obj/rt_test_sequence_009.o (symbol from plugin)
test_emit_token                                   build/obj/ch_test.o (symbol from plugin)
                                                  build/obj/oslib_test_sequence_001.o (symbol from plugin)
                                                  build/obj/rt_test_sequence_009.o (symbol from plugin)
                                                  build/obj/rt_test_sequence_008.o (symbol from plugin)
                                                  build/obj/rt_test_sequence_007.o (symbol from plugin)
                                                  build/obj/rt_test_sequence_006.o (symbol from plugin)
                                                  build/obj/rt_test_sequence_005.o (symbol from plugin)
                                                  build/obj/rt_test_sequence_004.o (symbol from plugin)
                                                  build/obj/rt_test_sequence_003.o (symbol from plugin)
test_emit_token_i                                 build/obj/ch_test.o (symbol from plugin)
test_execute                                      build/obj/ch_test.o (symbol from plugin)
test_global_fail                                  build/obj/ch_test.o (symbol from plugin)
test_print                                        build/obj/ch_test.o (symbol from plugin)
                                                  build/obj/rt_test_sequence_010.o (symbol from plugin)
                                                  build/obj/rt_test_sequence_001.o (symbol from plugin)
test_println                                      build/obj/ch_test.o (symbol from plugin)
                                                  build/obj/rt_test_sequence_010.o (symbol from plugin)
                                                  build/obj/rt_test_sequence_001.o (symbol from plugin)
test_printn                                       build/obj/ch_test.o (symbol from plugin)
                                                  build/obj/rt_test_sequence_010.o (symbol from plugin)
                                                  build/obj/rt_test_sequence_001.o (symbol from plugin)
test_step                                         build/obj/ch_test.o (symbol from plugin)
                                                  build/obj/oslib_test_sequence_004.o (symbol from plugin)
                                                  build/obj/oslib_test_sequence_003.o (symbol from plugin)
                                                  build/obj/oslib_test_sequence_002.o (symbol from plugin)
                                                  build/obj/oslib_test_sequence_001.o (symbol from plugin)
                                                  build/obj/rt_test_sequence_010.o (symbol from plugin)
                                                  build/obj/rt_test_sequence_009.o (symbol from plugin)
                                                  build/obj/rt_test_sequence_008.o (symbol from plugin)
                                                  build/obj/rt_test_sequence_007.o (symbol from plugin)
                                                  build/obj/rt_test_sequence_006.o (symbol from plugin)
                                                  build/obj/rt_test_sequence_005.o (symbol from plugin)
                                                  build/obj/rt_test_sequence_004.o (symbol from plugin)
                                                  build/obj/rt_test_sequence_003.o (symbol from plugin)
                                                  build/obj/rt_test_sequence_002.o (symbol from plugin)
                                                  build/obj/rt_test_sequence_001.o (symbol from plugin)
test_terminate_threads                            build/obj/rt_test_root.o (symbol from plugin)
                                                  build/obj/rt_test_sequence_010.o (symbol from plugin)
test_wait_threads                                 build/obj/rt_test_root.o (symbol from plugin)
                                                  build/obj/rt_test_sequence_010.o (symbol from plugin)
                                                  build/obj/rt_test_sequence_009.o (symbol from plugin)
                                                  build/obj/rt_test_sequence_008.o (symbol from plugin)
                                                  build/obj/rt_test_sequence_007.o (symbol from plugin)
                                                  build/obj/rt_test_sequence_006.o (symbol from plugin)
                                                  build/obj/rt_test_sequence_005.o (symbol from plugin)
                                                  build/obj/rt_test_sequence_004.o (symbol from plugin)
                                                  build/obj/rt_test_sequence_003.o (symbol from plugin)
test_wait_tick                                    build/obj/rt_test_root.o (symbol from plugin)
                                                  build/obj/rt_test_sequence_010.o (symbol from plugin)
                                                  build/obj/rt_test_sequence_008.o (symbol from plugin)
                                                  build/obj/rt_test_sequence_005.o (symbol from plugin)
threads                                           build/obj/rt_test_root.o (symbol from plugin)
                                                  build/obj/rt_test_sequence_010.o (symbol from plugin)
                                                  build/obj/rt_test_sequence_009.o (symbol from plugin)
                                                  build/obj/rt_test_sequence_008.o (symbol from plugin)
                                                  build/obj/rt_test_sequence_007.o (symbol from plugin)
                                                  build/obj/rt_test_sequence_006.o (symbol from plugin)
                                                  build/obj/rt_test_sequence_005.o (symbol from plugin)
                                                  build/obj/rt_test_sequence_004.o (symbol from plugin)
                                                  build/obj/rt_test_sequence_003.o (symbol from plugin)
vstat_mtx                                         build/obj/main.o (symbol from plugin)
vstat_obj                                         build/obj/main.o (symbol from plugin)
vstat_update_count                                build/obj/main.o (symbol from plugin)
wa                                                build/obj/rt_test_root.o (symbol from plugin)
                                                  build/obj/rt_test_sequence_010.o (symbol from plugin)
                                                  build/obj/rt_test_sequence_009.o (symbol from plugin)
                                                  build/obj/rt_test_sequence_008.o (symbol from plugin)
                                                  build/obj/rt_test_sequence_007.o (symbol from plugin)
                                                  build/obj/rt_test_sequence_006.o (symbol from plugin)
                                                  build/obj/rt_test_sequence_005.o (symbol from plugin)
                                                  build/obj/rt_test_sequence_004.o (symbol from plugin)
                                                  build/obj/rt_test_sequence_003.o (symbol from plugin)
waThread4                                         build/obj/main.o (symbol from plugin)
waitForStableVoltage                              build/obj/main.o (symbol from plugin)
